B1-cic-ids-2017-primary-prior-s17: START
B1-cic-ids-2017-primary-prior-s17: COMPLETED
B1-cic-ids-2017-primary-logistic-s17: START
B1-cic-ids-2017-primary-logistic-s17: COMPLETED
B1-cic-ids-2017-primary-extra_trees-s17: START
B1-cic-ids-2017-primary-extra_trees-s17: COMPLETED
B1-cic-ids-2017-primary-mlp-s17: START
B1-cic-ids-2017-primary-mlp-s17: COMPLETED
B1-cic-ids-2017-stress-prior-s17: START
B1-cic-ids-2017-stress-prior-s17: COMPLETED
B1-cic-ids-2017-stress-logistic-s17: START
B1-cic-ids-2017-stress-logistic-s17: COMPLETED
B1-cic-ids-2017-stress-extra_trees-s17: START
B1-cic-ids-2017-stress-extra_trees-s17: COMPLETED
B1-cic-ids-2017-stress-mlp-s17: START
B1-cic-ids-2017-stress-mlp-s17: COMPLETED
B1-ND-UNSW-NB15-v3-primary-prior-s17: START
B1-ND-UNSW-NB15-v3-primary-prior-s17: COMPLETED
B1-ND-UNSW-NB15-v3-primary-logistic-s17: START
B1-ND-UNSW-NB15-v3-primary-logistic-s17: COMPLETED
B1-ND-UNSW-NB15-v3-primary-extra_trees-s17: START
B1-ND-UNSW-NB15-v3-primary-extra_trees-s17: COMPLETED
B1-ND-UNSW-NB15-v3-primary-mlp-s17: START
B1-ND-UNSW-NB15-v3-primary-mlp-s17: COMPLETED
B1-ND-UNSW-NB15-v3-stress-prior-s17: START
B1-ND-UNSW-NB15-v3-stress-prior-s17: COMPLETED
B1-ND-UNSW-NB15-v3-stress-logistic-s17: START
B1-ND-UNSW-NB15-v3-stress-logistic-s17: COMPLETED
B1-ND-UNSW-NB15-v3-stress-extra_trees-s17: START
B1-ND-UNSW-NB15-v3-stress-extra_trees-s17: COMPLETED
B1-ND-UNSW-NB15-v3-stress-mlp-s17: START
B1-ND-UNSW-NB15-v3-stress-mlp-s17: COMPLETED
