B2-cic-ids-2017-primary-logistic-categorical_augmented-s17: START
B2-cic-ids-2017-primary-logistic-categorical_augmented-s17: COMPLETED
B2-cic-ids-2017-primary-extra_trees-categorical_augmented-s17: START
B2-cic-ids-2017-primary-extra_trees-categorical_augmented-s17: COMPLETED
B2-cic-ids-2017-primary-mlp-categorical_augmented-s17: START
B2-cic-ids-2017-primary-mlp-categorical_augmented-s17: COMPLETED
B2-cic-ids-2017-stress-logistic-categorical_augmented-s17: START
B2-cic-ids-2017-stress-logistic-categorical_augmented-s17: COMPLETED
B2-cic-ids-2017-stress-extra_trees-categorical_augmented-s17: START
B2-cic-ids-2017-stress-extra_trees-categorical_augmented-s17: COMPLETED
B2-cic-ids-2017-stress-mlp-categorical_augmented-s17: START
B2-cic-ids-2017-stress-mlp-categorical_augmented-s17: COMPLETED
B2-ND-UNSW-NB15-v3-primary-logistic-categorical_augmented-s17: START
B2-ND-UNSW-NB15-v3-primary-logistic-categorical_augmented-s17: COMPLETED
B2-ND-UNSW-NB15-v3-primary-extra_trees-categorical_augmented-s17: START
B2-ND-UNSW-NB15-v3-primary-extra_trees-categorical_augmented-s17: COMPLETED
B2-ND-UNSW-NB15-v3-primary-mlp-categorical_augmented-s17: START
B2-ND-UNSW-NB15-v3-primary-mlp-categorical_augmented-s17: COMPLETED
B2-ND-UNSW-NB15-v3-stress-logistic-categorical_augmented-s17: START
B2-ND-UNSW-NB15-v3-stress-logistic-categorical_augmented-s17: COMPLETED
B2-ND-UNSW-NB15-v3-stress-extra_trees-categorical_augmented-s17: START
B2-ND-UNSW-NB15-v3-stress-extra_trees-categorical_augmented-s17: COMPLETED
B2-ND-UNSW-NB15-v3-stress-mlp-categorical_augmented-s17: START
B2-ND-UNSW-NB15-v3-stress-mlp-categorical_augmented-s17: COMPLETED
